./src/components/common/page-header.tsx:6:143
Type error: No overload matches this call.
  Overload 1 of 2, '(props: { component: ElementType<any, keyof IntrinsicElements>; } & TypographyOwnProps & CommonProps & Omit<any, "children" | ... 9 more ... | "variantMapping">): Element | null', gave the following error.
    Property 'component' is missing in type '{ children: string; color: "text.secondary"; mt: number; maxWidth: number; }' but required in type '{ component: ElementType<any, keyof IntrinsicElements>; }'.
  Overload 2 of 2, '(props: DefaultComponentProps<TypographyTypeMap<{}, "span">>): Element | null', gave the following error.
    Type '{ children: string; color: "text.secondary"; mt: number; maxWidth: number; }' is not assignable to type 'IntrinsicAttributes & TypographyOwnProps & CommonProps & Omit<DetailedHTMLProps<HTMLAttributes<HTMLSpanElement>, HTMLSpanElement>, "children" | ... 9 more ... | "variantMapping">'.
      Property 'mt' does not exist on type 'IntrinsicAttributes & TypographyOwnProps & CommonProps & Omit<DetailedHTMLProps<HTMLAttributes<HTMLSpanElement>, HTMLSpanElement>, "children" | ... 9 more ... | "variantMapping">'.

  4 | ...ring; description: string; actions?: ReactNode }) {
  5 | ...etween', alignItems: { xs: 'flex-start', md: 'center' },  mb:3 }}>
> 6 | ...ypography variant="h1">{title}</Typography><Typography color="text.secondary" mt={.6} ma...
    |                                                ^
  7 | ...
  8 | ...
  9 | ...
Next.js build worker exited with code: 1 and signal: null
npm error Lifecycle script `build` failed with error:
npm error code 1
npm error path /opt/private-5g-monitor/releases/0.1.1/apps/web
npm error workspace @private-5g-monitor/web@0.1.0
npm error location /opt/private-5g-monitor/releases/0.1.1/apps/web
npm error command failed
npm error command sh -c next build
