
> private-5g-monitor@0.1.0 web:build
> npm run build --workspace @private-5g-monitor/web


> @private-5g-monitor/web@0.1.0 build
> next build

▲ Next.js 16.2.12 (Turbopack)

  Creating an optimized production build ...
✓ Compiled successfully in 20.5s
  Running TypeScript  .Failed to type check.

./src/components/layout/app-shell.tsx:43:595
Type error: Type '{ primary: "Dashboard" | "Live Monitoring" | "Historical Analytics" | "Sites" | "Cells" | "UEs" | "Network Map" | "Alerts" | "Settings" | "Administration"; primaryTypographyProps: { ...; }; }' is not assignable to type 'IntrinsicAttributes & ListItemTextProps<"span", "p">'.
  Property 'primaryTypographyProps' does not exist on type 'IntrinsicAttributes & ListItemTextProps<"span", "p">'.

  41 | ...
  42 | ...
> 43 | ...ListItemIcon><ListItemText primary={label} primaryTypographyProps={{ fontSize: 13.5, fo...
     |                                               ^
  44 | ...
  45 | ...: "block" }}>{lastUpdate ? `Updated ${lastUpdate.toLocaleTimeString()}` : 'Waiting for ...
  46 | ...
Next.js build worker exited with code: 1 and signal: null
npm error Lifecycle script `build` failed with error:
npm error code 1
npm error path /opt/private-5g-monitor/releases/0.1.2/apps/web
npm error workspace @private-5g-monitor/web@0.1.0
npm error location /opt/private-5g-monitor/releases/0.1.2/apps/web
npm error command failed
npm error command sh -c next build
