Aug 03 08:58:36 fiveg systemd[1]: private-5g-monitor.service: Scheduled restart job, restart counter is at 209.
Aug 03 08:58:36 fiveg systemd[1]: Started private-5g-monitor.service - Private 5G Monitor backend.


Aug 03 08:58:38 fiveg node[43848]: [Nest] 43848  - 03/08/2026, 08:58:38     LOG [NestFactory] Starting Nest application...
Aug 03 08:58:38 fiveg node[43848]: [Nest] 43848  - 03/08/2026, 08:58:38     LOG [InstanceLoader] SecretsModule dependencies initialized +1ms
Aug 03 08:58:38 fiveg node[43848]: [Nest] 43848  - 03/08/2026, 08:58:38     LOG [InstanceLoader] ApiModule dependencies initialized +0ms
Aug 03 08:58:38 fiveg node[43848]: [Nest] 43848  - 03/08/2026, 08:58:38     LOG [InstanceLoader] ConfigHostModule dependencies initialized +0ms
Aug 03 08:58:38 fiveg node[43848]: [Nest] 43848  - 03/08/2026, 08:58:38     LOG [InstanceLoader] DiscoveryModule dependencies initialized +1ms
Aug 03 08:58:38 fiveg node[43848]: [Nest] 43848  - 03/08/2026, 08:58:38     LOG [InstanceLoader] ConfigModule dependencies initialized +0ms
Aug 03 08:58:38 fiveg node[43848]: [Nest] 43848  - 03/08/2026, 08:58:38     LOG [InstanceLoader] ScheduleModule dependencies initialized +0ms
Aug 03 08:58:38 fiveg node[43848]: [Nest] 43848  - 03/08/2026, 08:58:38     LOG [InstanceLoader] PluginsModule dependencies initialized +0ms
Aug 03 08:58:38 fiveg node[43848]: [Nest] 43848  - 03/08/2026, 08:58:38     LOG [InstanceLoader] AuthModule dependencies initialized +0ms
Aug 03 08:58:38 fiveg node[43848]: [Nest] 43848  - 03/08/2026, 08:58:38     LOG [InstanceLoader] LiveModule dependencies initialized +1ms
Aug 03 08:58:38 fiveg node[43848]: [Nest] 43848  - 03/08/2026, 08:58:38     LOG [InstanceLoader] PersistenceModule dependencies initialized +0ms
Aug 03 08:58:38 fiveg node[43848]: [Nest] 43848  - 03/08/2026, 08:58:38   ERROR [ExceptionHandler] Error: pino – redact paths array contains an invalid path (req.headers.x-api-key)
Aug 03 08:58:38 fiveg node[43848]:     at /opt/private-5g-monitor/releases/0.1.2/node_modules/fast-redact/lib/validator.js:29:15
Aug 03 08:58:38 fiveg node[43848]:     at Array.forEach (<anonymous>)
Aug 03 08:58:38 fiveg node[43848]:     at validate (/opt/private-5g-monitor/releases/0.1.2/node_modules/fast-redact/lib/validator.js:12:11)
Aug 03 08:58:38 fiveg node[43848]:     at handle (/opt/private-5g-monitor/releases/0.1.2/node_modules/pino/lib/redaction.js:113:3)
Aug 03 08:58:38 fiveg node[43848]:     at redaction (/opt/private-5g-monitor/releases/0.1.2/node_modules/pino/lib/redaction.js:16:29)
Aug 03 08:58:38 fiveg node[43848]:     at pino (/opt/private-5g-monitor/releases/0.1.2/node_modules/pino/pino.js:133:33)
Aug 03 08:58:38 fiveg node[43848]:     at new PinoLogger (/opt/private-5g-monitor/releases/0.1.2/node_modules/nestjs-pino/PinoLogger.js:53:51)
Aug 03 08:58:38 fiveg node[43848]:     at Injector.instantiateClass (/opt/private-5g-monitor/releases/0.1.2/node_modules/@nestjs/core/injector/injector.js:418:19)
Aug 03 08:58:38 fiveg node[43848]:     at callback (/opt/private-5g-monitor/releases/0.1.2/node_modules/@nestjs/core/injector/injector.js:70:45)
Aug 03 08:58:38 fiveg node[43848]:     at async Injector.resolveConstructorParams (/opt/private-5g-monitor/releases/0.1.2/node_modules/@nestjs/core/injector/injector.js:170:24)
Aug 03 08:58:38 fiveg systemd[1]: private-5g-monitor.service: Main process exited, code=exited, status=1/FAILURE
Aug 03 08:58:38 fiveg systemd[1]: private-5g-monitor.service: Failed with result 'exit-code'.
Aug 03 08:58:38 fiveg systemd[1]: private-5g-monitor.service: Consumed 1.822s CPU time.
