npm run web:lint

> private-5g-monitor@0.1.0 web:lint
> npm run lint --workspace @private-5g-monitor/web


> @private-5g-monitor/web@0.1.0 lint
> eslint .


/opt/private-5g-monitor/releases/0.1.0/apps/web/src/components/tables/data-table.tsx
  14:76  error  Error: Calling setState synchronously within an effect can trigger cascading renders

Effects are intended to synchronize state between React and external systems such as manually updating the DOM, state management libraries, or other platform APIs. In general, the body of an effect should do one or both of the following:
* Update external systems with the latest state from React.
* Subscribe for updates from some external system, calling setState in a callback function when external state changes.

Calling setState synchronously within an effect body causes cascading renders that can hurt performance, and is not recommended. (https://react.dev/learn/you-might-not-need-an-effect).

/opt/private-5g-monitor/releases/0.1.0/apps/web/src/components/tables/data-table.tsx:14:76
  12 |   const [search, setSearch] = useState(''); const [anchor, setAnchor] = useState<HTMLElement | null>(null); const [page, setPage] = useState(0); const [rowsPerPage, setRowsPerPage] = useState(25);
  13 |   const filtered = useMemo(() => !searchableText || !search ? rows : rows.filter((row) => searchableText(row).toLowerCase().includes(search.toLowerCase())), [rows, search, searchableText]);
> 14 |   useEffect(() => { if (page > 0 && page * rowsPerPage >= filtered.length) setPage(0); }, [filtered.length, page, rowsPerPage]);
     |                                                                            ^^^^^^^ Avoid calling setState() directly within an effect
  15 |   const exportRows = (): ExportRow[] => filtered.map((row) => Object.fromEntries(columns.map((column) => [column.label, column.export?.(row) ?? String(column.render(row) ?? '')])));
  16 |   const visible = filtered.slice(page * rowsPerPage, page * rowsPerPage + rowsPerPage);
  17 |   return <Card><Box sx={{ px: 2.2, py: 1.7, display: 'flex', gap: 1.5, alignItems: 'center', justifyContent: 'space-between', flexWrap: 'wrap', borderBottom: '1px solid', borderColor: 'divider' }}><Typography variant="h2">{title}</Typography><Box display="flex" gap={1}><TextField size="small" value={search} onChange={(event) => { setSearch(event.target.value); setPage(0); }} placeholder="Search" slotProps={{ input: { startAdornment: <InputAdornment position="start"><SearchRounded fontSize="small" /></InputAdornment> } }} sx={{ width: { xs: 180, sm: 230 } }} /><Button variant="outlined" startIcon={<FileDownloadRounded />} onClick={(event) => setAnchor(event.currentTarget)}>Export</Button><Menu anchorEl={anchor} open={Boolean(anchor)} onClose={() => setAnchor(null)}><MenuItem onClick={() => { exportCsv(exportRows(), filename); setAnchor(null); }}>CSV</MenuItem><MenuItem onClick={() => { void exportExcel(exportRows(), filename); setAnchor(null); }}>Excel</MenuItem><MenuItem onClick={() => { void exportPdf(exportRows(), filename, title); setAnchor(null); }}>PDF</MenuItem></Menu></Box></Box><StatePanel loading={loading} error={error} empty={!filtered.length}><TableContainer sx={{ maxHeight: 590 }}><Table stickyHeader size="small"><TableHead><TableRow>{columns.map((column) => <TableCell key={column.key}>{column.label}</TableCell>)}</TableRow></TableHead><TableBody>{visible.map((row, index) => <TableRow hover key={page * rowsPerPage + index}>{columns.map((column) => <TableCell key={column.key}>{column.render(row)}</TableCell>)}</TableRow>)}</TableBody></Table></TableContainer><TablePagination component="div" count={filtered.length} page={page} onPageChange={(_, value) => setPage(value)} rowsPerPage={rowsPerPage} onRowsPerPageChange={(event) => { setRowsPerPage(Number(event.target.value)); setPage(0); }} rowsPerPageOptions={[10, 25, 50, 100]} /></StatePanel></Card>;  react-hooks/set-state-in-effect

/opt/private-5g-monitor/releases/0.1.0/apps/web/src/core/api/use-api.ts
  13:18  error  Error: Calling setState synchronously within an effect can trigger cascading renders

Effects are intended to synchronize state between React and external systems such as manually updating the DOM, state management libraries, or other platform APIs. In general, the body of an effect should do one or both of the following:
* Update external systems with the latest state from React.
* Subscribe for updates from some external system, calling setState in a callback function when external state changes.

Calling setState synchronously within an effect body causes cascading renders that can hurt performance, and is not recommended. (https://react.dev/learn/you-might-not-need-an-effect).

/opt/private-5g-monitor/releases/0.1.0/apps/web/src/core/api/use-api.ts:13:18
  11 |   const [loading, setLoading] = useState(Boolean(path));
  12 |   useEffect(() => {
> 13 |     if (!path) { setLoading(false); return; }
     |                  ^^^^^^^^^^ Avoid calling setState() directly within an effect
  14 |     const controller = new AbortController(); setLoading(true);
  15 |     void apiFetch<T>(path, controller.signal).then((value) => { setData(value); setError(null); }).catch((reason: unknown) => { if (!controller.signal.aborted) setError(reason instanceof Error ? reason.message : 'Unable to load data'); }).finally(() => { if (!controller.signal.aborted) setLoading(false); });
  16 |     return () => controller.abort();  react-hooks/set-state-in-effect

/opt/private-5g-monitor/releases/0.1.0/apps/web/src/core/live/live-context.tsx
  18:21  error  Error: Calling setState synchronously within an effect can trigger cascading renders

Effects are intended to synchronize state between React and external systems such as manually updating the DOM, state management libraries, or other platform APIs. In general, the body of an effect should do one or both of the following:
* Update external systems with the latest state from React.
* Subscribe for updates from some external system, calling setState in a callback function when external state changes.

Calling setState synchronously within an effect body causes cascading renders that can hurt performance, and is not recommended. (https://react.dev/learn/you-might-not-need-an-effect).

/opt/private-5g-monitor/releases/0.1.0/apps/web/src/core/live/live-context.tsx:18:21
  16 |   const setAutoRefresh = useCallback((value: boolean) => { setAutoRefreshState(value); localStorage.setItem('monitor.autoRefresh', String(value)); }, []);
  17 |
> 18 |   useEffect(() => { setAutoRefreshState(localStorage.getItem('monitor.autoRefresh') !== 'false'); }, []);
     |                     ^^^^^^^^^^^^^^^^^^^ Avoid calling setState() directly within an effect
  19 |   useEffect(() => {
  20 |     const origin = new URL(apiBaseUrl(), window.location.origin).origin;
  21 |     const socket: Socket = io(`${origin}/live`, { transports: ['websocket'], auth: { apiKey: apiKey() }, reconnection: true });  react-hooks/set-state-in-effect

/opt/private-5g-monitor/releases/0.1.0/apps/web/src/core/theme/theme-provider.tsx
  11:21  error  Error: Calling setState synchronously within an effect can trigger cascading renders

Effects are intended to synchronize state between React and external systems such as manually updating the DOM, state management libraries, or other platform APIs. In general, the body of an effect should do one or both of the following:
* Update external systems with the latest state from React.
* Subscribe for updates from some external system, calling setState in a callback function when external state changes.

Calling setState synchronously within an effect body causes cascading renders that can hurt performance, and is not recommended. (https://react.dev/learn/you-might-not-need-an-effect).

/opt/private-5g-monitor/releases/0.1.0/apps/web/src/core/theme/theme-provider.tsx:11:21
   9 | export function MonitorThemeProvider({ children }: { children: ReactNode }) {
  10 |   const [mode, setMode] = useState<ThemeMode>('dark');
> 11 |   useEffect(() => { setMode((localStorage.getItem('monitor.theme') as ThemeMode | null) ?? 'dark'); }, []);
     |                     ^^^^^^^ Avoid calling setState() directly within an effect
  12 |   const toggle = () => setMode((current) => { const next = current === 'dark' ? 'light' : 'dark'; localStorage.setItem('monitor.theme', next); return next; });
  13 |   const theme = useMemo(() => createTheme({
  14 |     palette: {  react-hooks/set-state-in-effect

/opt/private-5g-monitor/releases/0.1.0/apps/web/src/features/alerts/alerts-view.tsx
  13:152  error  Error: Cannot call impure function during render

`Date.now` is an impure function. Calling an impure function can produce unstable results that update unpredictably when the component happens to re-render. (https://react.dev/reference/rules/components-and-hooks-must-be-pure#components-and-hooks-must-be-idempotent).

/opt/private-5g-monitor/releases/0.1.0/apps/web/src/features/alerts/alerts-view.tsx:13:152
  11 |
  12 | export function AlertsView() {
> 13 |   const [view, setView] = useState<'current' | 'historical'>('current'); const [severity, setSeverity] = useState(''); const now = new Date(Math.floor(Date.now() / 60_000) * 60_000); const from = new Date(now.getTime() - 30 * 86_400_000);
     |                                                                                                                                                        ^^^^^^^^^^ Cannot call impure function
  14 |   const response = useApi<Page<Alarm>>(`/alarms/${view}${queryString({ severity: severity || undefined, from: view === 'historical' ? from.toISOString() : undefined, to: view === 'historical' ? now.toISOString() : undefined, limit: 1000 })}`); const rows = response.data?.items ?? [];
  15 |   const columns: Array<Column<Alarm>> = [{ key: 'severity', label: 'Severity', render: (row) => <StatusBadge status={row.severity} />, export: (row) => row.severity }, { key: 'time', label: 'Occurred', render: (row) => new Date(row.occurredAt).toLocaleString(), export: (row) => row.occurredAt }, { key: 'message', label: 'Condition', render: (row) => <Stack><Typography fontWeight={700} fontSize={13}>{row.message}</Typography><Typography variant="caption" color="text.secondary">{row.type}</Typography></Stack>, export: (row) => row.message }, { key: 'category', label: 'Category', render: (row) => row.category, export: (row) => row.category }, { key: 'entity', label: 'Entity', render: (row) => `${row.entityType} · ${(row.ueId ?? row.cellId ?? row.targetId).slice(0, 10)}`, export: (row) => row.ueId ?? row.cellId ?? row.targetId }];
  16 |   return <><PageHeader eyebrow="Event management" title="Alerts" description="Current network conditions and searchable historical collector or radio alarms." /><Stack direction="row" spacing={1.2} mb={2}><TextField select size="small" label="View" value={view} onChange={(event) => setView(event.target.value as typeof view)} sx={{ minWidth: 150 }}><MenuItem value="current">Current</MenuItem><MenuItem value="historical">Last 30 days</MenuItem></TextField><TextField select size="small" label="Severity" value={severity} onChange={(event) => setSeverity(event.target.value)} sx={{ minWidth: 145 }}><MenuItem value="">All</MenuItem><MenuItem value="warning">Warning</MenuItem><MenuItem value="error">Error</MenuItem><MenuItem value="critical">Critical</MenuItem></TextField></Stack><DataTable title={`${rows.length} ${view} alerts`} rows={rows} columns={columns} loading={response.loading} error={response.error} searchableText={(row) => `${row.message} ${row.type} ${row.category}`} filename={`${view}-alerts`} /></>;  react-hooks/purity

/opt/private-5g-monitor/releases/0.1.0/apps/web/src/features/analytics/analytics-view.tsx
  15:34   error    Error: Cannot call impure function during render

`Date.now` is an impure function. Calling an impure function can produce unstable results that update unpredictably when the component happens to re-render. (https://react.dev/reference/rules/components-and-hooks-must-be-pure#components-and-hooks-must-be-idempotent).

/opt/private-5g-monitor/releases/0.1.0/apps/web/src/features/analytics/analytics-view.tsx:15:34
  13 | export function AnalyticsView() {
  14 |   const [metric, setMetric] = useState(metrics[0]); const [hours, setHours] = useState(24); const [aggregation, setAggregation] = useState<'avg' | 'max' | 'sum'>('avg');
> 15 |   const to = new Date(Math.floor(Date.now() / 60_000) * 60_000); const from = new Date(to.getTime() - hours * 3600_000); const bucket = hours <= 24 ? 'minute' : hours <= 168 ? 'hour' : 'day';
     |                                  ^^^^^^^^^^ Cannot call impure function
  16 |   const response = useApi<Page<AggregatedMetric>>(`/metrics/historical${queryString({ metric, from: from.toISOString(), to: to.toISOString(), aggregation, bucket, limit: 1000, sort: 'asc' })}`); const rows = response.data?.items ?? [];
  17 |   const option = useMemo(() => timeSeriesOption([{ name: metric.split('.').at(-1) ?? metric, color: '#20bad8', data: rows.map((row) => [row.bucket, row.value]) }], rows[0]?.unit ?? ''), [rows, metric]);
  18 |   const columns: Array<Column<AggregatedMetric>> = [{ key: 'bucket', label: 'Time', render: (row) => new Date(row.bucket).toLocaleString(), export: (row) => row.bucket }, { key: 'metric', label: 'Metric', render: (row) => row.metric, export: (row) => row.metric }, { key: 'value', label: 'Aggregated value', render: (row) => <Typography fontFamily="monospace" fontWeight={700}>{row.value.toFixed(2)} {row.unit}</Typography>, export: (row) => row.value }, { key: 'samples', label: 'Samples', render: (row) => row.sampleCount, export: (row) => row.sampleCount }];  react-hooks/purity
  16:202  warning  The 'rows' logical expression could make the dependencies of useMemo Hook (at line 17) change on every render. To fix this, wrap the initialization of 'rows' in its own useMemo() Hook                                                                                                                                                                                                                                                                                                                                                                                                                                                                                                                                                                                                                                                                                                                                                                                                                                                                                                                                                                                                                                                                                                                                                                                                                                                                                                                                                                                                                                                                                                                                                                                                                                                                                                                                                                                                                       react-hooks/exhaustive-deps

/opt/private-5g-monitor/releases/0.1.0/apps/web/src/features/dashboard/dashboard-view.tsx
  23:34  error  Error: Cannot call impure function during render

`Date.now` is an impure function. Calling an impure function can produce unstable results that update unpredictably when the component happens to re-render. (https://react.dev/reference/rules/components-and-hooks-must-be-pure#components-and-hooks-must-be-idempotent).

/opt/private-5g-monitor/releases/0.1.0/apps/web/src/features/dashboard/dashboard-view.tsx:23:34
  21 | export function DashboardView() {
  22 |   const stats = useApi<Statistics>('/statistics'); const collectors = useApi<CollectorStatus[]>('/collectors/status'); const alarms = useApi<Page<Alarm>>('/alarms/current?limit=5');
> 23 |   const to = new Date(Math.floor(Date.now() / 60_000) * 60_000); const from = new Date(to.getTime() - 6 * 60 * 60_000);
     |                                  ^^^^^^^^^^ Cannot call impure function
  24 |   const historyPath = (metric: string) => `/metrics/historical${queryString({ metric, from: from.toISOString(), to: to.toISOString(), aggregation: 'avg', bucket: 'minute', limit: 360, sort: 'asc' })}`;
  25 |   const dl = useApi<Page<AggregatedMetric>>(historyPath('radio.ue.dl_bitrate')); const ul = useApi<Page<AggregatedMetric>>(historyPath('radio.ue.ul_bitrate'));
  26 |   const trafficOption = useMemo(() => timeSeriesOption([  react-hooks/purity

/opt/private-5g-monitor/releases/0.1.0/apps/web/src/features/inventory/ues-view.tsx
  11:120  error  Error: Cannot call impure function during render

`Date.now` is an impure function. Calling an impure function can produce unstable results that update unpredictably when the component happens to re-render. (https://react.dev/reference/rules/components-and-hooks-must-be-pure#components-and-hooks-must-be-idempotent).

/opt/private-5g-monitor/releases/0.1.0/apps/web/src/features/inventory/ues-view.tsx:11:120
   9 |
  10 | export function UesView() {
> 11 |   const response = useApi<Page<Ue>>('/ues?limit=1000&sort=desc'); const rows = response.data?.items ?? []; const now = Date.now();
     |                                                                                                                        ^^^^^^^^^^ Cannot call impure function
  12 |   const active = (row: Ue) => now - new Date(row.lastSeenAt).getTime() < 300_000;
  13 |   const columns: Array<Column<Ue>> = [{ key: 'ue', label: 'UE pseudonym', render: (row) => <Stack><Typography fontFamily="monospace" fontWeight={750}>{row.pseudonym}</Typography><Typography variant="caption" color="text.secondary">{row.id.slice(0, 13)}</Typography></Stack>, export: (row) => row.pseudonym }, { key: 'state', label: 'State', render: (row) => <StatusBadge status={active(row) ? 'active' : 'inactive'} />, export: (row) => active(row) ? 'active' : 'inactive' }, { key: 'first', label: 'First seen', render: (row) => new Date(row.firstSeenAt).toLocaleString(), export: (row) => row.firstSeenAt }, { key: 'last', label: 'Last seen', render: (row) => new Date(row.lastSeenAt).toLocaleString(), export: (row) => row.lastSeenAt }];
  14 |   return <><PageHeader eyebrow="User equipment" title="UEs" description="Privacy-safe device inventory. Subscriber identities never leave the backend." /><DataTable title={`${rows.filter(active).length} active of ${rows.length} known UEs`} rows={rows} columns={columns} loading={response.loading} error={response.error} searchableText={(row) => `${row.pseudonym} ${row.id}`} filename="ues" /></>;  react-hooks/purity

/opt/private-5g-monitor/releases/0.1.0/apps/web/src/features/monitoring/live-monitoring-view.tsx
  18:168  warning  The 'rows' logical expression could make the dependencies of useMemo Hook (at line 19) change on every render. To fix this, wrap the initialization of 'rows' in its own useMemo() Hook  react-hooks/exhaustive-deps

/opt/private-5g-monitor/releases/0.1.0/apps/web/src/features/settings/settings-view.tsx
  12:21  error  Error: Calling setState synchronously within an effect can trigger cascading renders

Effects are intended to synchronize state between React and external systems such as manually updating the DOM, state management libraries, or other platform APIs. In general, the body of an effect should do one or both of the following:
* Update external systems with the latest state from React.
* Subscribe for updates from some external system, calling setState in a callback function when external state changes.

Calling setState synchronously within an effect body causes cascading renders that can hurt performance, and is not recommended. (https://react.dev/learn/you-might-not-need-an-effect).

/opt/private-5g-monitor/releases/0.1.0/apps/web/src/features/settings/settings-view.tsx:12:21
  10 | export function SettingsView() {
  11 |   const [url, setUrl] = useState(''); const [key, setKey] = useState(''); const [saved, setSaved] = useState(false); const { autoRefresh, setAutoRefresh } = useLive();
> 12 |   useEffect(() => { setUrl(apiBaseUrl()); setKey(apiKey()); }, []);
     |                     ^^^^^^ Avoid calling setState() directly within an effect
  13 |   const save = () => { localStorage.setItem('monitor.apiUrl', url.replace(/\/$/, '')); if (key) localStorage.setItem('monitor.apiKey', key); else localStorage.removeItem('monitor.apiKey'); setSaved(true); window.setTimeout(() => location.reload(), 600); };
  14 |   return <><PageHeader eyebrow="Local preferences" title="Settings" description="Configure this browser's connection to the locally hosted monitoring service." /><Grid container spacing={2}><Grid size={{ xs: 12, lg: 7 }}><Card><CardContent><Typography variant="h2">Backend connection</Typography><Typography variant="body2" color="text.secondary" mt={.5}>Values are stored only in this browser. Credentials are never included in exports.</Typography><Stack spacing={2} mt={2.5}><TextField label="REST API URL" value={url} onChange={(event) => setUrl(event.target.value)} placeholder="http://monitor.local/api/v1" fullWidth helperText="Use the local reverse-proxy URL in production." /><TextField label="API key" value={key} onChange={(event) => setKey(event.target.value)} type="password" fullWidth autoComplete="off" helperText="Leave empty when backend authentication is disabled." />{saved && <Alert severity="success">Saved. Reconnecting to the local service…</Alert>}<Button variant="contained" startIcon={<SaveRounded />} onClick={save} sx={{ alignSelf: 'flex-start' }}>Save and reconnect</Button></Stack></CardContent></Card></Grid><Grid size={{ xs: 12, lg: 5 }}><Card><CardContent><Typography variant="h2">Display and refresh</Typography><Divider sx={{ my: 2 }} /><FormControlLabel control={<Switch checked={autoRefresh} onChange={(_, checked) => setAutoRefresh(checked)} />} label="Automatically refresh operational data" /><Typography variant="caption" color="text.secondary" display="block" mt={1}>Live WebSocket notifications trigger immediate refreshes. The timer provides resilience if the live connection is interrupted.</Typography></CardContent></Card></Grid></Grid></>;
  15 | }  react-hooks/set-state-in-effect

✖ 11 problems (9 errors, 2 warnings)

npm error Lifecycle script `lint` failed with error:
npm error code 1
npm error path /opt/private-5g-monitor/releases/0.1.0/apps/web
npm error workspace @private-5g-monitor/web@0.1.0
npm error location /opt/private-5g-monitor/releases/0.1.0/apps/web
npm error command failed
npm error command sh -c eslint .
