 npm run web:build

> private-5g-monitor@0.1.0 web:build
> npm run build --workspace @private-5g-monitor/web


> @private-5g-monitor/web@0.1.0 build
> next build

Attention: Next.js now collects completely anonymous telemetry regarding usage.
This information is used to shape Next.js' roadmap and prioritize features.
You can learn more, including how to opt-out if you'd not like to participate in this anonymous program, by visiting the following URL:
https://nextjs.org/telemetry

▲ Next.js 16.2.12 (Turbopack)

  Creating an optimized production build ...
✓ Compiled successfully in 21.8s
  Running TypeScript  ..
  We detected TypeScript in your project and reconfigured your tsconfig.json file for you.
  The following suggested values were added to your tsconfig.json. These values can be changed to fit your project's needs:

        - include was updated to add '.next/dev/types/**/*.ts'

  The following mandatory changes were made to your tsconfig.json:

        - jsx was set to react-jsx (next.js uses the React automatic runtime)

  Running TypeScript  ...Failed to type check.

./src/components/common/page-header.tsx:1:39
Type error: Module '"@mui/material"' has no exported member 'ReactNode'.

> 1 | import { Box, Stack, Typography, type ReactNode } from '@mui/material';
    |                                       ^
  2 |
  3 | export function PageHeader({ eyebrow, title, description, actions }: { eyebrow?: string; ti...
  4 |   return <Stack direction={{ xs: 'column', md: 'row' }} justifyContent="space-between" alig...
Next.js build worker exited with code: 1 and signal: null
npm error Lifecycle script `build` failed with error:
npm error code 1
npm error path /opt/private-5g-monitor/releases/0.1.0/apps/web
npm error workspace @private-5g-monitor/web@0.1.0
npm error location /opt/private-5g-monitor/releases/0.1.0/apps/web
npm error command failed
npm error command sh -c next build
